2025-12-18 15:37:11.303[3220][INFO] lisa.env[generated_14].deploy deploying environment: generated_14
2025-12-18 15:37:11.303[3220][DEBUG] lisa.env[generated_14].deploy creating deployment
2025-12-18 15:37:11.303[3220][DEBUG] lisa.env[generated_14].node[0] created, type: 'RemoteNode', default: False, is_test_target: True
2025-12-18 15:37:11.319[3220][INFO] lisa.env[generated_14].deploy vm setting: AzureNodeSchema(name='lisa-AzCertify-Test-20251218-152101-467-e14-n0', short_name='lisa-467-e14-n0', vm_size='Standard_D2ads_v6', osdisk_size_in_gb=30, maximize_capability=False, location='westus3', subscription_id='0cc2a67a-58b9-4e4f-98a8-bfa46a28e896', purchase_plan_raw=None, marketplace_raw={'architecture': <ArchitectureType.x64: 'x64'>, 'disk_controller_type': None, 'hyperv_generation': 2, 'network_data_path': <NetworkDataPath.Synthetic: 'Synthetic'>, 'security_profile': {'is_allow_set': True, 'items': [<SecurityProfileType.Standard: 'none'>]}, 'encrypt_disk': {'is_allow_set': True, 'items': [False]}, 'publisher': 'ibm', 'offer': 'qradar750', 'sku': 'qradar750up9', 'version': '750.0.3'}, shared_gallery_raw=None, vhd_raw=None, community_gallery_image_raw=None, is_linux=True, _orignal_vhd_path='')
2025-12-18 15:37:11.725[3220][DEBUG] lisa.env[generated_14].deploy parameters: {'vhd_storage_name': {'value': 'lisatwestus36a28e896'}, 'location': {'value': 'westus3'}, 'admin_username': {'value': 'l****t'}, 'admin_password': {'value': ''}, 'admin_key_data': {'value': 'ssh-rsa AAAAB3NzaC1yc2EAAAADAQABAAABgQDcxdU8Gs2kejzuW6W7e4AWScEzCKeT0P9xfCqc1ezquBYCCCMrxJGMhjYNgI2hNbNFYaXykOiTR12tKZmJ9b01IQR8YYqcreu6ziD35CVfCD5t4FNgHSZ6YtZ1DnV8mbenEoG8MdhyZWlkO5yrl+uw7u9PKbBhTTAV41PguiX92Pyt0kz6ewb/VXYnmiiSqqgmj3BKXqTyhfbvMtOariF4qESr9yY+FLg49tOlFQLU+3RtZgXj3dhP3y2u+YfyEancRgccKsIbreZlepE6xEMLteSf4vSL5fqKo2nUjcD+jSwWGwzuvpc/lwP4b50b+71VikCj7iSz3u1tPdSHWBDLQF1LpSvjlU1NXI99nsRJ67v+9K8YfOgF17Kt0OJUYT0sQsxUL1/sgr2uDRffJC36IasOYsGaS38EpiO4kRg/fh3q8zCVltlVytyX8l7MG10A0Bd8T2YKb1Qvp4wQzDaRIaSWQf+2Gm4elsJHxYYAr7GyLir7SW6OqanpHTtkaQE= lisa@lsgtest'}, 'subnet_count': {'value': 1}, 'availability_options': {'value': {'availability_type': 'availability_set', 'availability_set_tags': {'TipNode.SessionId': ''}, 'availability_set_properties': {'platformFaultDomainCount': 1, 'platformUpdateDomainCount': 1, 'internalData': {'pinnedFabricCluster': ''}}, 'availability_zones': []}}, 'shared_resource_group_name': {'value': 'lisa_shared_resource'}, 'nodes': {'value': [{'name': 'lisa-AzCertify-Test-20251218-152101-467-e14-n0', 'short_name': 'lisa-467-e14-n0', 'vm_size': 'Standard_D2ads_v6', 'osdisk_size_in_gb': 98, 'maximize_capability': False, 'location': 'westus3', 'subscription_id': '0cc2a67a-58b9-4e4f-98a8-bfa46a28e896', 'purchase_plan': {'name': 'qradar750up9', 'product': 'qradar750', 'publisher': 'ibm'}, 'marketplace': {'architecture': <ArchitectureType.x64: 'x64'>, 'disk_controller_type': None, 'hyperv_generation': 2, 'network_data_path': <NetworkDataPath.Synthetic: 'Synthetic'>, 'security_profile': {'is_allow_set': True, 'items': [<SecurityProfileType.Standard: 'none'>]}, 'encrypt_disk': {'is_allow_set': True, 'items': [False]}, 'publisher': 'ibm', 'offer': 'qradar750', 'sku': 'qradar750up9', 'version': '750.0.3'}, 'shared_gallery': None, 'vhd': None, 'community_gallery_image': None, 'is_linux': True, '_orignal_vhd_path': '', 'hyperv_generation': 2, 'nic_count': 1, 'enable_sriov': True, 'os_disk_type': 'Ephemeral', 'data_disk_type': 'Standard_LRS', 'disk_controller_type': 'NVMe', 'ephemeral_disk_placement_type': 'NvmeDisk', 'security_profile': {}}]}, 'data_disks': {'value': []}, 'vm_tags': {'value': {'TipNode.SessionId': '', 'platformsettings.host_environment.nodefeatures.hierarchicalvirtualizationv1': False, 'RG': 'lisa-AzCertify-Test-20251218-152101-467-e14', 'lisa_username': 'f30be76dc000000\\cloudtest', 'lisa_hostname': 'f30be76dc000000'}}, 'tags': {'value': {}}, 'ip_service_tags': {'value': {'FirstPartyUsage': '/SyntheticLoad'}}, 'virtual_network_resource_group': {'value': ''}, 'virtual_network_name': {'value': 'lisa-virtualNetwork'}, 'subnet_prefix': {'value': 'lisa-subnet-'}, 'is_ultradisk': {'value': False}, 'use_ipv6': {'value': False}, 'enable_vm_nat': {'value': False}, 'create_public_address': {'value': True}, 'source_address_prefixes': {'value': ['20.83.220.172']}}
2025-12-18 15:37:11.741[3220][INFO] lisa.env[generated_14].deploy creating or updating resource group: [lisa-AzCertify-Test-20251218-152101-467-e14]
2025-12-18 15:37:12.178[3220][INFO] lisa.env[generated_14].deploy Creating Resource group: 'lisa-AzCertify-Test-20251218-152101-467-e14'
2025-12-18 15:37:12.913[3220][DEBUG] lisa.env[generated_14].deploy validating deployment
2025-12-18 15:37:16.742[3220][DEBUG] lisa.env[generated_14].deploy found storage account: lisaswestus36a28e896
2025-12-18 15:37:16.742[3220][INFO] lisa.env[generated_14].deploy resource group 'lisa-AzCertify-Test-20251218-152101-467-e14' deployment is in progress...
2025-12-18 15:49:54.830[3220][DEBUG] lisa.env[generated_14].deploy checking panic...
2025-12-18 15:49:54.836[3220][DEBUG] lisa.env[generated_14].deploy checking root filesystem mount failure...
2025-12-18 15:49:55.320[3220][INFO] lisa.env[generated_14].deploy deploying environment: generated_14
2025-12-18 15:49:55.320[3220][DEBUG] lisa.env[generated_14].deploy creating deployment
2025-12-18 15:49:55.320[3220][DEBUG] lisa.env[generated_14].node[0] created, type: 'RemoteNode', default: False, is_test_target: True
2025-12-18 15:49:55.320[3220][INFO] lisa.env[generated_14].deploy vm setting: AzureNodeSchema(name='lisa-AzCertify-Test-20251218-152101-467-e14-1-n0', short_name='lisa-7-e14-1-n0', vm_size='Standard_D2ads_v6', osdisk_size_in_gb=30, maximize_capability=False, location='westus3', subscription_id='0cc2a67a-58b9-4e4f-98a8-bfa46a28e896', purchase_plan_raw=None, marketplace_raw={'architecture': <ArchitectureType.x64: 'x64'>, 'disk_controller_type': None, 'hyperv_generation': 2, 'network_data_path': <NetworkDataPath.Synthetic: 'Synthetic'>, 'security_profile': {'is_allow_set': True, 'items': [<SecurityProfileType.Standard: 'none'>]}, 'encrypt_disk': {'is_allow_set': True, 'items': [False]}, 'publisher': 'ibm', 'offer': 'qradar750', 'sku': 'qradar750up9', 'version': '750.0.3'}, shared_gallery_raw=None, vhd_raw=None, community_gallery_image_raw=None, is_linux=True, _orignal_vhd_path='')
2025-12-18 15:49:55.640[3220][DEBUG] lisa.env[generated_14].deploy parameters: {'vhd_storage_name': {'value': 'lisatwestus36a28e896'}, 'location': {'value': 'westus3'}, 'admin_username': {'value': 'l****t'}, 'admin_password': {'value': ''}, 'admin_key_data': {'value': 'ssh-rsa AAAAB3NzaC1yc2EAAAADAQABAAABgQDcxdU8Gs2kejzuW6W7e4AWScEzCKeT0P9xfCqc1ezquBYCCCMrxJGMhjYNgI2hNbNFYaXykOiTR12tKZmJ9b01IQR8YYqcreu6ziD35CVfCD5t4FNgHSZ6YtZ1DnV8mbenEoG8MdhyZWlkO5yrl+uw7u9PKbBhTTAV41PguiX92Pyt0kz6ewb/VXYnmiiSqqgmj3BKXqTyhfbvMtOariF4qESr9yY+FLg49tOlFQLU+3RtZgXj3dhP3y2u+YfyEancRgccKsIbreZlepE6xEMLteSf4vSL5fqKo2nUjcD+jSwWGwzuvpc/lwP4b50b+71VikCj7iSz3u1tPdSHWBDLQF1LpSvjlU1NXI99nsRJ67v+9K8YfOgF17Kt0OJUYT0sQsxUL1/sgr2uDRffJC36IasOYsGaS38EpiO4kRg/fh3q8zCVltlVytyX8l7MG10A0Bd8T2YKb1Qvp4wQzDaRIaSWQf+2Gm4elsJHxYYAr7GyLir7SW6OqanpHTtkaQE= lisa@lsgtest'}, 'subnet_count': {'value': 1}, 'availability_options': {'value': {'availability_type': 'availability_set', 'availability_set_tags': {'TipNode.SessionId': ''}, 'availability_set_properties': {'platformFaultDomainCount': 1, 'platformUpdateDomainCount': 1, 'internalData': {'pinnedFabricCluster': ''}}, 'availability_zones': []}}, 'shared_resource_group_name': {'value': 'lisa_shared_resource'}, 'nodes': {'value': [{'name': 'lisa-AzCertify-Test-20251218-152101-467-e14-1-n0', 'short_name': 'lisa-7-e14-1-n0', 'vm_size': 'Standard_D2ads_v6', 'osdisk_size_in_gb': 98, 'maximize_capability': False, 'location': 'westus3', 'subscription_id': '0cc2a67a-58b9-4e4f-98a8-bfa46a28e896', 'purchase_plan': {'name': 'qradar750up9', 'product': 'qradar750', 'publisher': 'ibm'}, 'marketplace': {'architecture': <ArchitectureType.x64: 'x64'>, 'disk_controller_type': None, 'hyperv_generation': 2, 'network_data_path': <NetworkDataPath.Synthetic: 'Synthetic'>, 'security_profile': {'is_allow_set': True, 'items': [<SecurityProfileType.Standard: 'none'>]}, 'encrypt_disk': {'is_allow_set': True, 'items': [False]}, 'publisher': 'ibm', 'offer': 'qradar750', 'sku': 'qradar750up9', 'version': '750.0.3'}, 'shared_gallery': None, 'vhd': None, 'community_gallery_image': None, 'is_linux': True, '_orignal_vhd_path': '', 'hyperv_generation': 2, 'nic_count': 1, 'enable_sriov': True, 'os_disk_type': 'Ephemeral', 'data_disk_type': 'Standard_LRS', 'disk_controller_type': 'NVMe', 'ephemeral_disk_placement_type': 'NvmeDisk', 'security_profile': {}}]}, 'data_disks': {'value': []}, 'vm_tags': {'value': {'TipNode.SessionId': '', 'platformsettings.host_environment.nodefeatures.hierarchicalvirtualizationv1': False, 'RG': 'lisa-AzCertify-Test-20251218-152101-467-e14-1', 'lisa_username': 'f30be76dc000000\\cloudtest', 'lisa_hostname': 'f30be76dc000000'}}, 'tags': {'value': {}}, 'ip_service_tags': {'value': {'FirstPartyUsage': '/SyntheticLoad'}}, 'virtual_network_resource_group': {'value': ''}, 'virtual_network_name': {'value': 'lisa-virtualNetwork'}, 'subnet_prefix': {'value': 'lisa-subnet-'}, 'is_ultradisk': {'value': False}, 'use_ipv6': {'value': False}, 'enable_vm_nat': {'value': False}, 'create_public_address': {'value': True}, 'source_address_prefixes': {'value': ['20.83.220.172']}}
2025-12-18 15:49:55.640[3220][INFO] lisa.env[generated_14].deploy creating or updating resource group: [lisa-AzCertify-Test-20251218-152101-467-e14-1]
2025-12-18 15:49:56.077[3220][INFO] lisa.env[generated_14].deploy Creating Resource group: 'lisa-AzCertify-Test-20251218-152101-467-e14-1'
2025-12-18 15:49:56.738[3220][DEBUG] lisa.env[generated_14].deploy validating deployment
2025-12-18 15:50:01.904[3220][DEBUG] lisa.env[generated_14].deploy found storage account: lisaswestus36a28e896
2025-12-18 15:50:01.904[3220][INFO] lisa.env[generated_14].deploy resource group 'lisa-AzCertify-Test-20251218-152101-467-e14-1' deployment is in progress...
2025-12-18 16:01:10.376[3220][DEBUG] lisa.env[generated_14].deploy checking panic...
2025-12-18 16:01:10.392[3220][DEBUG] lisa.env[generated_14].deploy checking root filesystem mount failure...
2025-12-18 16:01:10.470[3220][ERROR] lisa.env[generated_14] case failed
Traceback (most recent call last):
  File "C:\hostedtoolcache\windows\Python\3.12.10\x64\Lib\site-packages\azure\core\polling\base_polling.py", line 805, in run
    self._poll()
  File "C:\hostedtoolcache\windows\Python\3.12.10\x64\Lib\site-packages\azure\core\polling\base_polling.py", line 837, in _poll
    raise OperationFailed("Operation failed or canceled")
azure.core.polling.base_polling.OperationFailed: Operation failed or canceled

The above exception was the direct cause of the following exception:

Traceback (most recent call last):
  File "C:\a\_work\1\s\lisa\lisa\sut_orchestrator\azure\platform_.py", line 1652, in _deploy
    wait_operation(
  File "C:\a\_work\1\s\lisa\lisa\sut_orchestrator\azure\common.py", line 1661, in wait_operation
    wait_result = operation.wait(1)
                  ^^^^^^^^^^^^^^^^^
  File "C:\hostedtoolcache\windows\Python\3.12.10\x64\Lib\site-packages\azure\core\tracing\decorator.py", line 119, in wrapper_use_tracer
    return func(*args, **kwargs)
           ^^^^^^^^^^^^^^^^^^^^^
  File "C:\hostedtoolcache\windows\Python\3.12.10\x64\Lib\site-packages\azure\core\polling\_poller.py", line 345, in wait
    raise self._exception  # type: ignore
    ^^^^^^^^^^^^^^^^^^^^^
  File "C:\hostedtoolcache\windows\Python\3.12.10\x64\Lib\site-packages\azure\core\polling\_poller.py", line 250, in _start
    self._polling_method.run()
  File "C:\hostedtoolcache\windows\Python\3.12.10\x64\Lib\site-packages\azure\core\polling\base_polling.py", line 820, in run
    raise HttpResponseError(response=self._pipeline_response.http_response, error=err) from err
azure.core.exceptions.HttpResponseError: (DeploymentFailed) At least one resource deployment operation failed. Please list deployment operations for details. Please see https://aka.ms/arm-deployment-operations for usage details.
Code: DeploymentFailed
Message: At least one resource deployment operation failed. Please list deployment operations for details. Please see https://aka.ms/arm-deployment-operations for usage details.
Exception Details:	(Conflict) {
	  "status": "Failed",
	  "error": {
	    "code": "ResourceDeploymentFailure",
	    "message": "The resource write operation failed to complete successfully, because it reached terminal provisioning state 'Failed'.",
	    "details": [
	      {
	        "code": "OSProvisioningTimedOut",
	        "message": "OS Provisioning for VM 'lisa-AzCertify-Test-20251218-152101-467-e14-1-n0' did not finish in the allotted time. The VM may still finish provisioning successfully. Please check provisioning state later. For details on how to check current provisioning state of Windows VMs, refer to https://aka.ms/WindowsVMLifecycle and Linux VMs, refer to https://aka.ms/LinuxVMLifecycle."
	      }
	    ]
	  }
	}
	Code: Conflict
	Message: {
	  "status": "Failed",
	  "error": {
	    "code": "ResourceDeploymentFailure",
	    "message": "The resource write operation failed to complete successfully, because it reached terminal provisioning state 'Failed'.",
	    "details": [
	      {
	        "code": "OSProvisioningTimedOut",
	        "message": "OS Provisioning for VM 'lisa-AzCertify-Test-20251218-152101-467-e14-1-n0' did not finish in the allotted time. The VM may still finish provisioning successfully. Please check provisioning state later. For details on how to check current provisioning state of Windows VMs, refer to https://aka.ms/WindowsVMLifecycle and Linux VMs, refer to https://aka.ms/LinuxVMLifecycle."
	      }
	    ]
	  }
	}

During handling of the above exception, another exception occurred:

Traceback (most recent call last):
  File "C:\a\_work\1\s\lisa\lisa\runners\lisa_runner.py", line 297, in _deploy_environment_task
    self.platform.deploy_environment(environment)
  File "C:\a\_work\1\s\lisa\lisa\platform_.py", line 188, in deploy_environment
    raise identifier
  File "C:\a\_work\1\s\lisa\lisa\platform_.py", line 185, in deploy_environment
    self._deploy_environment(environment, log)
  File "C:\a\_work\1\s\lisa\lisa\sut_orchestrator\azure\platform_.py", line 660, in _deploy_environment
    raise e
  File "C:\a\_work\1\s\lisa\lisa\sut_orchestrator\azure\platform_.py", line 655, in _deploy_environment
    self._deploy(location, deployment_parameters, log, environment)
  File "C:\a\_work\1\s\lisa\lisa\sut_orchestrator\azure\platform_.py", line 1721, in _deploy
    raise LisaException(error_message)
lisa.util.LisaException: OSProvisioningTimedOut: RootFsMountFailedException: found root filesystem mount failure in serial log. Possible causes include: missing or incorrect UUID, unsupported or corrupted filesystem, or missing storage drivers. Please verify disk presence, UUID accuracy, and initramfs contents. Detected root filesystem issues: ['[  129.161675] dracut-initqueue[374]: Warning: dracut-initqueue timeout - starting timeout scripts\r\r', '[  129.699355] dracut-initqueue[374]: Warning: dracut-initqueue timeout - starting timeout scripts\r\r', '[  130.230702] dracut-initqueue[374]: Warning: dracut-initqueue timeout - starting timeout scripts\r\r', '[  130.761374] dracut-initqueue[374]: Warning: dracut-initqueue timeout - starting timeout scripts\r\r', '[  131.290735] dracut-initqueue[374]: Warning: dracut-initqueue timeout - starting timeout scripts\r\r', '[  131.822331] dracut-initqueue[374]: Warning: dracut-initqueue timeout - starting timeout scripts\r\r', '[  132.353720] dracut-initqueue[374]: Warning: dracut-initqueue timeout - starting timeout scripts\r\r', '[  132.886345] dracut-initqueue[374]: Warning: dracut-initqueue timeout - starting timeout scripts\r\r', '[  133.420709] dracut-initqueue[374]: Warning: dracut-initqueue timeout - starting timeout scripts\r\r', '[  133.951358] dracut-initqueue[374]: Warning: dracut-initqueue timeout - starting timeout scripts\r\r', '[  134.485676] dracut-initqueue[374]: Warning: dracut-initqueue timeout - starting timeout scripts\r\r', '[  135.018386] dracut-initqueue[374]: Warning: dracut-initqueue timeout - starting timeout scripts\r\r', '[  135.547703] dracut-initqueue[374]: Warning: dracut-initqueue timeout - starting timeout scripts\r\r', '[  136.073351] dracut-initqueue[374]: Warning: dracut-initqueue timeout - starting timeout scripts\r\r', '[  136.604673] dracut-initqueue[374]: Warning: dracut-initqueue timeout - starting timeout scripts\r\r', '[  137.135361] dracut-initqueue[374]: Warning: dracut-initqueue timeout - starting timeout scripts\r\r', '[  137.661678] dracut-initqueue[374]: Warning: dracut-initqueue timeout - starting timeout scripts\r\r', '[  138.188375] dracut-initqueue[374]: Warning: dracut-initqueue timeout - starting timeout scripts\r\r', '[  138.719703] dracut-initqueue[374]: Warning: dracut-initqueue timeout - starting timeout scripts\r\r', '[  139.249367] dracut-initqueue[374]: Warning: dracut-initqueue timeout - starting timeout scripts\r\r', '[  139.780682] dracut-initqueue[374]: Warning: dracut-initqueue timeout - starting timeout scripts\r\r', '[  140.308339] dracut-initqueue[374]: Warning: dracut-initqueue timeout - starting timeout scripts\r\r', '[  140.838681] dracut-initqueue[374]: Warning: dracut-initqueue timeout - starting timeout scripts\r\r', '[  141.367329] dracut-initqueue[374]: Warning: dracut-initqueue timeout - starting timeout scripts\r\r', '[  141.898690] dracut-initqueue[374]: Warning: dracut-initqueue timeout - starting timeout scripts\r\r', '[  142.431352] dracut-initqueue[374]: Warning: dracut-initqueue timeout - starting timeout scripts\r\r', '[  142.962694] dracut-initqueue[374]: Warning: dracut-initqueue timeout - starting timeout scripts\r\r', '[  143.493359] dracut-initqueue[374]: Warning: dracut-initqueue timeout - starting timeout scripts\r\r', '[  144.024685] dracut-initqueue[374]: Warning: dracut-initqueue timeout - starting timeout scripts\r\r', '[  144.555343] dracut-initqueue[374]: Warning: dracut-initqueue timeout - starting timeout scripts\r\r', '[  145.086673] dracut-initqueue[374]: Warning: dracut-initqueue timeout - starting timeout scripts\r\r', '[  145.615358] dracut-initqueue[374]: Warning: dracut-initqueue timeout - starting timeout scripts\r\r', '[  146.146656] dracut-initqueue[374]: Warning: dracut-initqueue timeout - starting timeout scripts\r\r', '[  146.677387] dracut-initqueue[374]: Warning: dracut-initqueue timeout - starting timeout scripts\r\r', '[  147.208702] dracut-initqueue[374]: Warning: dracut-initqueue timeout - starting timeout scripts\r\r', '[  147.738361] dracut-initqueue[374]: Warning: dracut-initqueue timeout - starting timeout scripts\r\r', '[  148.270701] dracut-initqueue[374]: Warning: dracut-initqueue timeout - starting timeout scripts\r\r', '[  148.801381] dracut-initqueue[374]: Warning: dracut-initqueue timeout - starting timeout scripts\r\r', '[  149.329679] dracut-initqueue[374]: Warning: dracut-initqueue timeout - starting timeout scripts\r\r', '[  149.859381] dracut-initqueue[374]: Warning: dracut-initqueue timeout - starting timeout scripts\r\r', '[  150.388716] dracut-initqueue[374]: Warning: dracut-initqueue timeout - starting timeout scripts\r\r', '[  150.918352] dracut-initqueue[374]: Warning: dracut-initqueue timeout - starting timeout scripts\r\r', '[  151.450713] dracut-initqueue[374]: Warning: dracut-initqueue timeout - starting timeout scripts\r\r', '[  151.977372] dracut-initqueue[374]: Warning: dracut-initqueue timeout - starting timeout scripts\r\r', '[  152.507718] dracut-initqueue[374]: Warning: dracut-initqueue timeout - starting timeout scripts\r\r', '[  153.035328] dracut-initqueue[374]: Warning: dracut-initqueue timeout - starting timeout scripts\r\r', '[  153.569666] dracut-initqueue[374]: Warning: dracut-initqueue timeout - starting timeout scripts\r\r', '[  154.101339] dracut-initqueue[374]: Warning: dracut-initqueue timeout - starting timeout scripts\r\r', '[  154.634675] dracut-initqueue[374]: Warning: dracut-initqueue timeout - starting timeout scripts\r\r', '[  155.164355] dracut-initqueue[374]: Warning: dracut-initqueue timeout - starting timeout scripts\r\r', '[  155.697680] dracut-initqueue[374]: Warning: dracut-initqueue timeout - starting timeout scripts\r\r', '[  156.225323] dracut-initqueue[374]: Warning: dracut-initqueue timeout - starting timeout scripts\r\r', '[  156.753658] dracut-initqueue[374]: Warning: dracut-initqueue timeout - starting timeout scripts\r\r', '[  157.285408] dracut-initqueue[374]: Warning: dracut-initqueue timeout - starting timeout scripts\r\r', '[  157.816731] dracut-initqueue[374]: Warning: dracut-initqueue timeout - starting timeout scripts\r\r', '[  158.346358] dracut-initqueue[374]: Warning: dracut-initqueue timeout - starting timeout scripts\r\r', '[  158.875678] dracut-initqueue[374]: Warning: dracut-initqueue timeout - starting timeout scripts\r\r', '[  159.407421] dracut-initqueue[374]: Warning: dracut-initqueue timeout - starting timeout scripts\r\r', '[  159.940692] dracut-initqueue[374]: Warning: dracut-initqueue timeout - starting timeout scripts\r\r', '[  160.475370] dracut-initqueue[374]: Warning: dracut-initqueue timeout - starting timeout scripts\r\r', '[  161.004723] dracut-initqueue[374]: Warning: dracut-initqueue timeout - starting timeout scripts\r\r', '[  161.533338] dracut-initqueue[374]: Warning: dracut-initqueue timeout - starting timeout scripts\r\r', '[  162.062690] dracut-initqueue[374]: Warning: dracut-initqueue timeout - starting timeout scripts\r\r', '[  162.593361] dracut-initqueue[374]: Warning: dracut-initqueue timeout - starting timeout scripts\r\r', '[  163.125753] dracut-initqueue[374]: Warning: dracut-initqueue timeout - starting timeout scripts\r\r', '[  163.660372] dracut-initqueue[374]: Warning: dracut-initqueue timeout - starting timeout scripts\r\r', '[  164.192697] dracut-initqueue[374]: Warning: dracut-initqueue timeout - starting timeout scripts\r\r', '[  164.722349] dracut-initqueue[374]: Warning: dracut-initqueue timeout - starting timeout scripts\r\r', '[  165.250696] dracut-initqueue[374]: Warning: dracut-initqueue timeout - starting timeout scripts\r\r', '[  165.780476] dracut-initqueue[374]: Warning: dracut-initqueue timeout - starting timeout scripts\r\r', '[  166.309650] dracut-initqueue[374]: Warning: dracut-initqueue timeout - starting timeout scripts\r\r', '[  166.838361] dracut-initqueue[374]: Warning: dracut-initqueue timeout - starting timeout scripts\r\r', '[  167.371735] dracut-initqueue[374]: Warning: dracut-initqueue timeout - starting timeout scripts\r\r', '[  167.902379] dracut-initqueue[374]: Warning: dracut-initqueue timeout - starting timeout scripts\r\r', '[  168.428646] dracut-initqueue[374]: Warning: dracut-initqueue timeout - starting timeout scripts\r\r', '[  168.958454] dracut-initqueue[374]: Warning: dracut-initqueue timeout - starting timeout scripts\r\r', '[  169.484651] dracut-initqueue[374]: Warning: dracut-initqueue timeout - starting timeout scripts\r\r', '[  170.012376] dracut-initqueue[374]: Warning: dracut-initqueue timeout - starting timeout scripts\r\r', '[  170.543644] dracut-initqueue[374]: Warning: dracut-initqueue timeout - starting timeout scripts\r\r', '[  171.074360] dracut-initqueue[374]: Warning: dracut-initqueue timeout - starting timeout scripts\r\r', '[  171.607675] dracut-initqueue[374]: Warning: dracut-initqueue timeout - starting timeout scripts\r\r', '[  172.137328] dracut-initqueue[374]: Warning: dracut-initqueue timeout - starting timeout scripts\r\r', '[  172.672724] dracut-initqueue[374]: Warning: dracut-initqueue timeout - starting timeout scripts\r\r', '[  173.204383] dracut-initqueue[374]: Warning: dracut-initqueue timeout - starting timeout scripts\r\r', '[  173.730694] dracut-initqueue[374]: Warning: dracut-initqueue timeout - starting timeout scripts\r\r', '[  174.263357] dracut-initqueue[374]: Warning: dracut-initqueue timeout - starting timeout scripts\r\r', '[  174.794726] dracut-initqueue[374]: Warning: dracut-initqueue timeout - starting timeout scripts\r\r', '[  175.324338] dracut-initqueue[374]: Warning: dracut-initqueue timeout - starting timeout scripts\r\r', '[  175.858725] dracut-initqueue[374]: Warning: dracut-initqueue timeout - starting timeout scripts\r\r', '[  176.387349] dracut-initqueue[374]: Warning: dracut-initqueue timeout - starting timeout scripts\r\r', '[  176.917638] dracut-initqueue[374]: Warning: dracut-initqueue timeout - starting timeout scripts\r\r', '[  177.445381] dracut-initqueue[374]: Warning: dracut-initqueue timeout - starting timeout scripts\r\r', '[  177.972680] dracut-initqueue[374]: Warning: dracut-initqueue timeout - starting timeout scripts\r\r', '[  178.506379] dracut-initqueue[374]: Warning: dracut-initqueue timeout - starting timeout scripts\r\r', '[  179.033671] dracut-initqueue[374]: Warning: dracut-initqueue timeout - starting timeout scripts\r\r', '[  179.566377] dracut-initqueue[374]: Warning: dracut-initqueue timeout - starting timeout scripts\r\r', '[  180.097641] dracut-initqueue[374]: Warning: dracut-initqueue timeout - starting timeout scripts\r\r', '[  180.630386] dracut-initqueue[374]: Warning: dracut-initqueue timeout - starting timeout scripts\r\r', '[  181.165696] dracut-initqueue[374]: Warning: dracut-initqueue timeout - starting timeout scripts\r\r', '[  181.696340] dracut-initqueue[374]: Warning: dracut-initqueue timeout - starting timeout scripts\r\r', '[  182.227721] dracut-initqueue[374]: Warning: dracut-initqueue timeout - starting timeout scripts\r\r', '[  182.751372] dracut-initqueue[374]: Warning: dracut-initqueue timeout - starting timeout scripts\r\r', '[  183.282688] dracut-initqueue[374]: Warning: dracut-initqueue timeout - starting timeout scripts\r\r', '[  183.808336] dracut-initqueue[374]: Warning: dracut-initqueue timeout - starting timeout scripts\r\r', '[  184.339704] dracut-initqueue[374]: Warning: dracut-initqueue timeout - starting timeout scripts\r\r', '[  184.872331] dracut-initqueue[374]: Warning: dracut-initqueue timeout - starting timeout scripts\r\r', '[  185.402701] dracut-initqueue[374]: Warning: dracut-initqueue timeout - starting timeout scripts\r\r', '[  185.931347] dracut-initqueue[374]: Warning: dracut-initqueue timeout - starting timeout scripts\r\r', '[  186.466730] dracut-initqueue[374]: Warning: dracut-initqueue timeout - starting timeout scripts\r\r', '[  186.995358] dracut-initqueue[374]: Warning: dracut-initqueue timeout - starting timeout scripts\r\r', '[  187.521688] dracut-initqueue[374]: Warning: dracut-initqueue timeout - starting timeout scripts\r\r', '[  188.050330] dracut-initqueue[374]: Warning: dracut-initqueue timeout - starting timeout scripts\r\r', '[  188.580693] dracut-initqueue[374]: Warning: dracut-initqueue timeout - starting timeout scripts\r\r', '[  189.109379] dracut-initqueue[374]: Warning: dracut-initqueue timeout - starting timeout scripts\r\r', '[  189.639706] dracut-initqueue[374]: Warning: dracut-initqueue timeout - starting timeout scripts\r\r', '[  190.165366] dracut-initqueue[374]: Warning: dracut-initqueue timeout - starting timeout scripts\r\r', '[  190.696689] dracut-initqueue[374]: Warning: dracut-initqueue timeout - starting timeout scripts\r\r', '[  191.226416] dracut-initqueue[374]: Warning: dracut-initqueue timeout - starting timeout scripts\r\r', '[  191.753683] dracut-initqueue[374]: Warning: dracut-initqueue timeout - starting timeout scripts\r\r', '[  192.281371] dracut-initqueue[374]: Warning: dracut-initqueue timeout - starting timeout scripts\r\r']
2025-12-18 16:01:10.470[3220][DEBUG] lisa.env[generated_14].node[0] detecting hardware_disk_controller_type ...
2025-12-18 16:01:10.470[3220][DEBUG] lisa.env[generated_14].node[0] error on collecting disk controller type: 'RemoteNode' object has no attribute 'features'
2025-12-18 16:01:10.470[3220][DEBUG] lisa.env[generated_14].node[0] detecting host_version ...
2025-12-18 16:01:10.470[3220][DEBUG] lisa.env[generated_14].node[0] detecting kernel_version ...
2025-12-18 16:01:10.470[3220][DEBUG] lisa.env[generated_14].node[0] detecting wala_version ...
2025-12-18 16:01:10.470[3220][DEBUG] lisa.env[generated_14].node[0] detecting wala_distro ...
2025-12-18 16:01:10.470[3220][DEBUG] lisa.env[generated_14].node[0] detecting hardware_platform ...
2025-12-18 16:01:10.470[3220][DEBUG] lisa.env[generated_14].node[0] detecting vmm_version ...
2025-12-18 16:01:10.470[3220][DEBUG] lisa.env[generated_14].node[0] detecting mshv_version ...
2025-12-18 16:01:10.470[3220][DEBUG] lisa.env[generated_14].node[0] detecting hardware_disk_controller_type ...
2025-12-18 16:01:10.470[3220][DEBUG] lisa.env[generated_14].node[0] error on collecting disk controller type: 'RemoteNode' object has no attribute 'features'
2025-12-18 16:01:10.470[3220][DEBUG] lisa.env[generated_14].node[0] detecting host_version ...
2025-12-18 16:01:10.470[3220][DEBUG] lisa.env[generated_14].node[0] detecting kernel_version ...
2025-12-18 16:01:10.470[3220][DEBUG] lisa.env[generated_14].node[0] detecting wala_version ...
2025-12-18 16:01:10.470[3220][DEBUG] lisa.env[generated_14].node[0] detecting wala_distro ...
2025-12-18 16:01:10.470[3220][DEBUG] lisa.env[generated_14].node[0] detecting hardware_platform ...
2025-12-18 16:01:10.470[3220][DEBUG] lisa.env[generated_14].node[0] detecting vmm_version ...
2025-12-18 16:01:10.470[3220][DEBUG] lisa.env[generated_14].node[0] detecting mshv_version ...
2025-12-18 16:01:10.485[3220][DEBUG] lisa.env[generated_14].node[0] cleaning up...
