2025-12-18 17:31:53.311[3972][INFO] lisa.env[generated_6].deploy deploying environment: generated_6
2025-12-18 17:31:53.311[3972][DEBUG] lisa.env[generated_6].deploy creating deployment
2025-12-18 17:31:53.311[3972][DEBUG] lisa.env[generated_6].node[0] created, type: 'RemoteNode', default: False, is_test_target: True
2025-12-18 17:31:53.311[3972][INFO] lisa.env[generated_6].deploy vm setting: AzureNodeSchema(name='lisa-AzCertify-Test-20251218-163401-090-e6-n0', short_name='lisa--090-e6-n0', vm_size='Standard_D2ads_v5', osdisk_size_in_gb=30, maximize_capability=False, location='westus3', subscription_id='0cc2a67a-58b9-4e4f-98a8-bfa46a28e896', purchase_plan_raw=None, marketplace_raw={'architecture': <ArchitectureType.x64: 'x64'>, 'disk_controller_type': None, 'hyperv_generation': 1, 'network_data_path': None, 'security_profile': {'is_allow_set': True, 'items': [<SecurityProfileType.Standard: 'none'>]}, 'encrypt_disk': {'is_allow_set': True, 'items': [False]}, 'publisher': 'mapr-technologies', 'offer': 'mapr60-sandbox', 'sku': '60-sandbox', 'version': '1.0.0'}, shared_gallery_raw=None, vhd_raw=None, community_gallery_image_raw=None, is_linux=True, _orignal_vhd_path='')
2025-12-18 17:31:53.873[3972][DEBUG] lisa.env[generated_6].deploy parameters: {'vhd_storage_name': {'value': 'lisatwestus36a28e896'}, 'location': {'value': 'westus3'}, 'admin_username': {'value': 'l****t'}, 'admin_password': {'value': ''}, 'admin_key_data': {'value': 'ssh-rsa AAAAB3NzaC1yc2EAAAADAQABAAABgQDcxdU8Gs2kejzuW6W7e4AWScEzCKeT0P9xfCqc1ezquBYCCCMrxJGMhjYNgI2hNbNFYaXykOiTR12tKZmJ9b01IQR8YYqcreu6ziD35CVfCD5t4FNgHSZ6YtZ1DnV8mbenEoG8MdhyZWlkO5yrl+uw7u9PKbBhTTAV41PguiX92Pyt0kz6ewb/VXYnmiiSqqgmj3BKXqTyhfbvMtOariF4qESr9yY+FLg49tOlFQLU+3RtZgXj3dhP3y2u+YfyEancRgccKsIbreZlepE6xEMLteSf4vSL5fqKo2nUjcD+jSwWGwzuvpc/lwP4b50b+71VikCj7iSz3u1tPdSHWBDLQF1LpSvjlU1NXI99nsRJ67v+9K8YfOgF17Kt0OJUYT0sQsxUL1/sgr2uDRffJC36IasOYsGaS38EpiO4kRg/fh3q8zCVltlVytyX8l7MG10A0Bd8T2YKb1Qvp4wQzDaRIaSWQf+2Gm4elsJHxYYAr7GyLir7SW6OqanpHTtkaQE= lisa@lsgtest'}, 'subnet_count': {'value': 1}, 'availability_options': {'value': {'availability_type': 'availability_set', 'availability_set_tags': {'TipNode.SessionId': ''}, 'availability_set_properties': {'platformFaultDomainCount': 1, 'platformUpdateDomainCount': 1, 'internalData': {'pinnedFabricCluster': ''}}, 'availability_zones': []}}, 'shared_resource_group_name': {'value': 'lisa_shared_resource'}, 'nodes': {'value': [{'name': 'lisa-AzCertify-Test-20251218-163401-090-e6-n0', 'short_name': 'lisa--090-e6-n0', 'vm_size': 'Standard_D2ads_v5', 'osdisk_size_in_gb': 128, 'maximize_capability': False, 'location': 'westus3', 'subscription_id': '0cc2a67a-58b9-4e4f-98a8-bfa46a28e896', 'purchase_plan': {'name': '60-sandbox', 'product': 'mapr60-sandbox', 'publisher': 'mapr-technologies'}, 'marketplace': {'architecture': <ArchitectureType.x64: 'x64'>, 'disk_controller_type': None, 'hyperv_generation': 1, 'network_data_path': None, 'security_profile': {'is_allow_set': True, 'items': [<SecurityProfileType.Standard: 'none'>]}, 'encrypt_disk': {'is_allow_set': True, 'items': [False]}, 'publisher': 'mapr-technologies', 'offer': 'mapr60-sandbox', 'sku': '60-sandbox', 'version': '1.0.0'}, 'shared_gallery': None, 'vhd': None, 'community_gallery_image': None, 'is_linux': True, '_orignal_vhd_path': '', 'hyperv_generation': 1, 'nic_count': 1, 'enable_sriov': True, 'os_disk_type': 'Standard_LRS', 'data_disk_type': 'Standard_LRS', 'disk_controller_type': 'SCSI', 'ephemeral_disk_placement_type': '', 'security_profile': {}}]}, 'data_disks': {'value': []}, 'vm_tags': {'value': {'TipNode.SessionId': '', 'platformsettings.host_environment.nodefeatures.hierarchicalvirtualizationv1': False, 'RG': 'lisa-AzCertify-Test-20251218-163401-090-e6', 'lisa_username': 'f30be76dc000000\\cloudtest', 'lisa_hostname': 'f30be76dc000000'}}, 'tags': {'value': {}}, 'ip_service_tags': {'value': {'FirstPartyUsage': '/SyntheticLoad'}}, 'virtual_network_resource_group': {'value': ''}, 'virtual_network_name': {'value': 'lisa-virtualNetwork'}, 'subnet_prefix': {'value': 'lisa-subnet-'}, 'is_ultradisk': {'value': False}, 'use_ipv6': {'value': False}, 'enable_vm_nat': {'value': False}, 'create_public_address': {'value': True}, 'source_address_prefixes': {'value': ['20.83.220.172']}}
2025-12-18 17:31:53.873[3972][INFO] lisa.env[generated_6].deploy creating or updating resource group: [lisa-AzCertify-Test-20251218-163401-090-e6]
2025-12-18 17:31:54.173[3972][INFO] lisa.env[generated_6].deploy Creating Resource group: 'lisa-AzCertify-Test-20251218-163401-090-e6'
2025-12-18 17:31:54.936[3972][DEBUG] lisa.env[generated_6].deploy validating deployment
2025-12-18 17:31:58.171[3972][DEBUG] lisa.env[generated_6].deploy found storage account: lisaswestus36a28e896
2025-12-18 17:31:58.187[3972][INFO] lisa.env[generated_6].deploy resource group 'lisa-AzCertify-Test-20251218-163401-090-e6' deployment is in progress...
2025-12-18 17:39:04.228[3972][DEBUG] lisa.env[generated_6].deploy checking panic...
2025-12-18 17:39:04.228[3972][DEBUG] lisa.env[generated_6].deploy checking root filesystem mount failure...
2025-12-18 17:39:04.650[3972][INFO] lisa.env[generated_6].deploy deploying environment: generated_6
2025-12-18 17:39:04.650[3972][DEBUG] lisa.env[generated_6].deploy creating deployment
2025-12-18 17:39:04.666[3972][DEBUG] lisa.env[generated_6].node[0] created, type: 'RemoteNode', default: False, is_test_target: True
2025-12-18 17:39:04.666[3972][INFO] lisa.env[generated_6].deploy vm setting: AzureNodeSchema(name='lisa-AzCertify-Test-20251218-163401-090-e6-1-n0', short_name='lisa-90-e6-1-n0', vm_size='Standard_D2ads_v5', osdisk_size_in_gb=30, maximize_capability=False, location='westus3', subscription_id='0cc2a67a-58b9-4e4f-98a8-bfa46a28e896', purchase_plan_raw=None, marketplace_raw={'architecture': <ArchitectureType.x64: 'x64'>, 'disk_controller_type': None, 'hyperv_generation': 1, 'network_data_path': None, 'security_profile': {'is_allow_set': True, 'items': [<SecurityProfileType.Standard: 'none'>]}, 'encrypt_disk': {'is_allow_set': True, 'items': [False]}, 'publisher': 'mapr-technologies', 'offer': 'mapr60-sandbox', 'sku': '60-sandbox', 'version': '1.0.0'}, shared_gallery_raw=None, vhd_raw=None, community_gallery_image_raw=None, is_linux=True, _orignal_vhd_path='')
2025-12-18 17:39:04.978[3972][DEBUG] lisa.env[generated_6].deploy parameters: {'vhd_storage_name': {'value': 'lisatwestus36a28e896'}, 'location': {'value': 'westus3'}, 'admin_username': {'value': 'l****t'}, 'admin_password': {'value': ''}, 'admin_key_data': {'value': 'ssh-rsa AAAAB3NzaC1yc2EAAAADAQABAAABgQDcxdU8Gs2kejzuW6W7e4AWScEzCKeT0P9xfCqc1ezquBYCCCMrxJGMhjYNgI2hNbNFYaXykOiTR12tKZmJ9b01IQR8YYqcreu6ziD35CVfCD5t4FNgHSZ6YtZ1DnV8mbenEoG8MdhyZWlkO5yrl+uw7u9PKbBhTTAV41PguiX92Pyt0kz6ewb/VXYnmiiSqqgmj3BKXqTyhfbvMtOariF4qESr9yY+FLg49tOlFQLU+3RtZgXj3dhP3y2u+YfyEancRgccKsIbreZlepE6xEMLteSf4vSL5fqKo2nUjcD+jSwWGwzuvpc/lwP4b50b+71VikCj7iSz3u1tPdSHWBDLQF1LpSvjlU1NXI99nsRJ67v+9K8YfOgF17Kt0OJUYT0sQsxUL1/sgr2uDRffJC36IasOYsGaS38EpiO4kRg/fh3q8zCVltlVytyX8l7MG10A0Bd8T2YKb1Qvp4wQzDaRIaSWQf+2Gm4elsJHxYYAr7GyLir7SW6OqanpHTtkaQE= lisa@lsgtest'}, 'subnet_count': {'value': 1}, 'availability_options': {'value': {'availability_type': 'availability_set', 'availability_set_tags': {'TipNode.SessionId': ''}, 'availability_set_properties': {'platformFaultDomainCount': 1, 'platformUpdateDomainCount': 1, 'internalData': {'pinnedFabricCluster': ''}}, 'availability_zones': []}}, 'shared_resource_group_name': {'value': 'lisa_shared_resource'}, 'nodes': {'value': [{'name': 'lisa-AzCertify-Test-20251218-163401-090-e6-1-n0', 'short_name': 'lisa-90-e6-1-n0', 'vm_size': 'Standard_D2ads_v5', 'osdisk_size_in_gb': 128, 'maximize_capability': False, 'location': 'westus3', 'subscription_id': '0cc2a67a-58b9-4e4f-98a8-bfa46a28e896', 'purchase_plan': {'name': '60-sandbox', 'product': 'mapr60-sandbox', 'publisher': 'mapr-technologies'}, 'marketplace': {'architecture': <ArchitectureType.x64: 'x64'>, 'disk_controller_type': None, 'hyperv_generation': 1, 'network_data_path': None, 'security_profile': {'is_allow_set': True, 'items': [<SecurityProfileType.Standard: 'none'>]}, 'encrypt_disk': {'is_allow_set': True, 'items': [False]}, 'publisher': 'mapr-technologies', 'offer': 'mapr60-sandbox', 'sku': '60-sandbox', 'version': '1.0.0'}, 'shared_gallery': None, 'vhd': None, 'community_gallery_image': None, 'is_linux': True, '_orignal_vhd_path': '', 'hyperv_generation': 1, 'nic_count': 1, 'enable_sriov': True, 'os_disk_type': 'Standard_LRS', 'data_disk_type': 'Standard_LRS', 'disk_controller_type': 'SCSI', 'ephemeral_disk_placement_type': '', 'security_profile': {}}]}, 'data_disks': {'value': []}, 'vm_tags': {'value': {'TipNode.SessionId': '', 'platformsettings.host_environment.nodefeatures.hierarchicalvirtualizationv1': False, 'RG': 'lisa-AzCertify-Test-20251218-163401-090-e6-1', 'lisa_username': 'f30be76dc000000\\cloudtest', 'lisa_hostname': 'f30be76dc000000'}}, 'tags': {'value': {}}, 'ip_service_tags': {'value': {'FirstPartyUsage': '/SyntheticLoad'}}, 'virtual_network_resource_group': {'value': ''}, 'virtual_network_name': {'value': 'lisa-virtualNetwork'}, 'subnet_prefix': {'value': 'lisa-subnet-'}, 'is_ultradisk': {'value': False}, 'use_ipv6': {'value': False}, 'enable_vm_nat': {'value': False}, 'create_public_address': {'value': True}, 'source_address_prefixes': {'value': ['20.83.220.172']}}
2025-12-18 17:39:04.978[3972][INFO] lisa.env[generated_6].deploy creating or updating resource group: [lisa-AzCertify-Test-20251218-163401-090-e6-1]
2025-12-18 17:39:05.355[3972][INFO] lisa.env[generated_6].deploy Creating Resource group: 'lisa-AzCertify-Test-20251218-163401-090-e6-1'
2025-12-18 17:39:06.216[3972][DEBUG] lisa.env[generated_6].deploy validating deployment
2025-12-18 17:39:11.356[3972][DEBUG] lisa.env[generated_6].deploy found storage account: lisaswestus36a28e896
2025-12-18 17:39:11.356[3972][INFO] lisa.env[generated_6].deploy resource group 'lisa-AzCertify-Test-20251218-163401-090-e6-1' deployment is in progress...
2025-12-18 17:42:46.584[3972][DEBUG] lisa.env[generated_6].deploy checking panic...
2025-12-18 17:42:46.584[3972][DEBUG] lisa.env[generated_6].deploy checking root filesystem mount failure...
2025-12-18 17:42:46.600[3972][ERROR] lisa.env[generated_6] case failed
Traceback (most recent call last):
  File "C:\hostedtoolcache\windows\Python\3.12.10\x64\Lib\site-packages\azure\core\polling\base_polling.py", line 805, in run
    self._poll()
  File "C:\hostedtoolcache\windows\Python\3.12.10\x64\Lib\site-packages\azure\core\polling\base_polling.py", line 837, in _poll
    raise OperationFailed("Operation failed or canceled")
azure.core.polling.base_polling.OperationFailed: Operation failed or canceled

The above exception was the direct cause of the following exception:

Traceback (most recent call last):
  File "C:\a\_work\1\s\lisa\lisa\sut_orchestrator\azure\platform_.py", line 1652, in _deploy
    wait_operation(
  File "C:\a\_work\1\s\lisa\lisa\sut_orchestrator\azure\common.py", line 1661, in wait_operation
    wait_result = operation.wait(1)
                  ^^^^^^^^^^^^^^^^^
  File "C:\hostedtoolcache\windows\Python\3.12.10\x64\Lib\site-packages\azure\core\tracing\decorator.py", line 119, in wrapper_use_tracer
    return func(*args, **kwargs)
           ^^^^^^^^^^^^^^^^^^^^^
  File "C:\hostedtoolcache\windows\Python\3.12.10\x64\Lib\site-packages\azure\core\polling\_poller.py", line 345, in wait
    raise self._exception  # type: ignore
    ^^^^^^^^^^^^^^^^^^^^^
  File "C:\hostedtoolcache\windows\Python\3.12.10\x64\Lib\site-packages\azure\core\polling\_poller.py", line 250, in _start
    self._polling_method.run()
  File "C:\hostedtoolcache\windows\Python\3.12.10\x64\Lib\site-packages\azure\core\polling\base_polling.py", line 820, in run
    raise HttpResponseError(response=self._pipeline_response.http_response, error=err) from err
azure.core.exceptions.HttpResponseError: (DeploymentFailed) At least one resource deployment operation failed. Please list deployment operations for details. Please see https://aka.ms/arm-deployment-operations for usage details.
Code: DeploymentFailed
Message: At least one resource deployment operation failed. Please list deployment operations for details. Please see https://aka.ms/arm-deployment-operations for usage details.
Exception Details:	(Conflict) {
	  "status": "Failed",
	  "error": {
	    "code": "ResourceDeploymentFailure",
	    "message": "The resource write operation failed to complete successfully, because it reached terminal provisioning state 'Failed'.",
	    "details": [
	      {
	        "code": "OSProvisioningInternalError",
	        "message": "OS Provisioning failed for VM 'lisa-AzCertify-Test-20251218-163401-090-e6-1-n0' due to an internal error."
	      }
	    ]
	  }
	}
	Code: Conflict
	Message: {
	  "status": "Failed",
	  "error": {
	    "code": "ResourceDeploymentFailure",
	    "message": "The resource write operation failed to complete successfully, because it reached terminal provisioning state 'Failed'.",
	    "details": [
	      {
	        "code": "OSProvisioningInternalError",
	        "message": "OS Provisioning failed for VM 'lisa-AzCertify-Test-20251218-163401-090-e6-1-n0' due to an internal error."
	      }
	    ]
	  }
	}

During handling of the above exception, another exception occurred:

Traceback (most recent call last):
  File "C:\a\_work\1\s\lisa\lisa\runners\lisa_runner.py", line 297, in _deploy_environment_task
    self.platform.deploy_environment(environment)
  File "C:\a\_work\1\s\lisa\lisa\platform_.py", line 188, in deploy_environment
    raise identifier
  File "C:\a\_work\1\s\lisa\lisa\platform_.py", line 185, in deploy_environment
    self._deploy_environment(environment, log)
  File "C:\a\_work\1\s\lisa\lisa\sut_orchestrator\azure\platform_.py", line 660, in _deploy_environment
    raise e
  File "C:\a\_work\1\s\lisa\lisa\sut_orchestrator\azure\platform_.py", line 655, in _deploy_environment
    self._deploy(location, deployment_parameters, log, environment)
  File "C:\a\_work\1\s\lisa\lisa\sut_orchestrator\azure\platform_.py", line 1721, in _deploy
    raise LisaException(error_message)
lisa.util.LisaException: OSProvisioningInternalError: OS Provisioning failed for VM 'lisa-AzCertify-Test-20251218-163401-090-e6-1-n0' due to an internal error.
2025-12-18 17:42:46.600[3972][DEBUG] lisa.env[generated_6].node[0] detecting hardware_disk_controller_type ...
2025-12-18 17:42:46.600[3972][DEBUG] lisa.env[generated_6].node[0] error on collecting disk controller type: 'RemoteNode' object has no attribute 'features'
2025-12-18 17:42:46.600[3972][DEBUG] lisa.env[generated_6].node[0] detecting host_version ...
2025-12-18 17:42:46.600[3972][DEBUG] lisa.env[generated_6].node[0] detecting kernel_version ...
2025-12-18 17:42:46.600[3972][DEBUG] lisa.env[generated_6].node[0] detecting wala_version ...
2025-12-18 17:42:46.600[3972][DEBUG] lisa.env[generated_6].node[0] detecting wala_distro ...
2025-12-18 17:42:46.600[3972][DEBUG] lisa.env[generated_6].node[0] detecting hardware_platform ...
2025-12-18 17:42:46.600[3972][DEBUG] lisa.env[generated_6].node[0] detecting vmm_version ...
2025-12-18 17:42:46.600[3972][DEBUG] lisa.env[generated_6].node[0] detecting mshv_version ...
2025-12-18 17:42:46.600[3972][DEBUG] lisa.env[generated_6].node[0] detecting hardware_disk_controller_type ...
2025-12-18 17:42:46.600[3972][DEBUG] lisa.env[generated_6].node[0] error on collecting disk controller type: 'RemoteNode' object has no attribute 'features'
2025-12-18 17:42:46.600[3972][DEBUG] lisa.env[generated_6].node[0] detecting host_version ...
2025-12-18 17:42:46.600[3972][DEBUG] lisa.env[generated_6].node[0] detecting kernel_version ...
2025-12-18 17:42:46.600[3972][DEBUG] lisa.env[generated_6].node[0] detecting wala_version ...
2025-12-18 17:42:46.600[3972][DEBUG] lisa.env[generated_6].node[0] detecting wala_distro ...
2025-12-18 17:42:46.600[3972][DEBUG] lisa.env[generated_6].node[0] detecting hardware_platform ...
2025-12-18 17:42:46.600[3972][DEBUG] lisa.env[generated_6].node[0] detecting vmm_version ...
2025-12-18 17:42:46.600[3972][DEBUG] lisa.env[generated_6].node[0] detecting mshv_version ...
2025-12-18 17:42:46.600[3972][DEBUG] lisa.env[generated_6].node[0] cleaning up...
