2025-06-03 16:48:11.073[6664][INFO] lisa.env[generated_59].deploy deploying environment: generated_59
2025-06-03 16:48:11.073[6664][DEBUG] lisa.env[generated_59].deploy creating deployment
2025-06-03 16:48:11.080[6664][DEBUG] lisa.env[generated_59].node[0] created, type: 'RemoteNode', default: False, is_test_target: True
2025-06-03 16:48:11.084[6664][INFO] lisa.env[generated_59].deploy vm setting: AzureNodeSchema(name='lisa-2N-TestPass2505-09-20250603-063038-227-e59-n0', short_name='lisa-227-e59-n0', vm_size='Standard_E64ns_v6', osdisk_size_in_gb=30, maximize_capability=True, location='eastus', subscription_id='0cc2a67a-58b9-4e4f-98a8-bfa46a28e896', purchase_plan_raw='', marketplace_raw={'architecture': <ArchitectureType.x64: 'x64'>, 'disk_controller_type': {'is_allow_set': True, 'items': [<DiskControllerType.SCSI: 'SCSI'>, <DiskControllerType.NVME: 'NVMe'>]}, 'hyperv_generation': 2, 'network_data_path': {'is_allow_set': True, 'items': [<NetworkDataPath.Synthetic: 'Synthetic'>, <NetworkDataPath.Sriov: 'Sriov'>]}, 'security_profile': {'is_allow_set': True, 'items': [<SecurityProfileType.Standard: 'none'>, <SecurityProfileType.SecureBoot: 'secureboot'>]}, 'publisher': 'canonical', 'offer': '0001-com-ubuntu-server-jammy', 'sku': '22_04-lts-gen2', 'version': '22.04.202504250'}, shared_gallery_raw='', vhd_raw={'vhd_path': '', 'vmgs_path': ''}, community_gallery_image_raw=None, hyperv_generation=2, is_linux=True, _orignal_vhd_path='')
2025-06-03 16:48:11.092[6664][DEBUG] lisa.env[generated_59].node[1] created, type: 'RemoteNode', default: False, is_test_target: True
2025-06-03 16:48:11.093[6664][INFO] lisa.env[generated_59].deploy vm setting: AzureNodeSchema(name='lisa-2N-TestPass2505-09-20250603-063038-227-e59-n1', short_name='lisa-227-e59-n1', vm_size='Standard_E64ns_v6', osdisk_size_in_gb=30, maximize_capability=True, location='eastus', subscription_id='0cc2a67a-58b9-4e4f-98a8-bfa46a28e896', purchase_plan_raw='', marketplace_raw={'architecture': <ArchitectureType.x64: 'x64'>, 'disk_controller_type': {'is_allow_set': True, 'items': [<DiskControllerType.SCSI: 'SCSI'>, <DiskControllerType.NVME: 'NVMe'>]}, 'hyperv_generation': 2, 'network_data_path': {'is_allow_set': True, 'items': [<NetworkDataPath.Synthetic: 'Synthetic'>, <NetworkDataPath.Sriov: 'Sriov'>]}, 'security_profile': {'is_allow_set': True, 'items': [<SecurityProfileType.Standard: 'none'>, <SecurityProfileType.SecureBoot: 'secureboot'>]}, 'publisher': 'canonical', 'offer': '0001-com-ubuntu-server-jammy', 'sku': '22_04-lts-gen2', 'version': '22.04.202504250'}, shared_gallery_raw='', vhd_raw={'vhd_path': '', 'vmgs_path': ''}, community_gallery_image_raw=None, hyperv_generation=2, is_linux=True, _orignal_vhd_path='')
2025-06-03 16:48:11.185[6664][DEBUG] lisa.env[generated_59].deploy parameters: {'vhd_storage_name': {'value': 'lisateastus6a28e896'}, 'location': {'value': 'eastus'}, 'admin_username': {'value': 'l****t'}, 'admin_password': {'value': ''}, 'admin_key_data': {'value': 'ssh-rsa <REDACTED_SSH_RSA_KEY> lisa@lsgtest'}, 'subnet_count': {'value': 1}, 'availability_options': {'value': {'availability_type': 'availability_set', 'availability_set_tags': {'TipNode.SessionId': '9ccdd877-9e12-4de3-906b-edc80df38e13'}, 'availability_set_properties': {'platformFaultDomainCount': 1, 'platformUpdateDomainCount': 1, 'internalData': {'pinnedFabricCluster': 'IAD03PrdApp02'}}, 'availability_zones': []}}, 'shared_resource_group_name': {'value': 'lisa_shared_resource'}, 'nodes': {'value': [{'name': 'lisa-2N-TestPass2505-09-20250603-063038-227-e59-n0', 'short_name': 'lisa-227-e59-n0', 'vm_size': 'Standard_E64ns_v6', 'osdisk_size_in_gb': 30, 'maximize_capability': True, 'location': 'eastus', 'subscription_id': '0cc2a67a-58b9-4e4f-98a8-bfa46a28e896', 'purchase_plan': '', 'marketplace': {'architecture': <ArchitectureType.x64: 'x64'>, 'disk_controller_type': {'is_allow_set': True, 'items': [<DiskControllerType.SCSI: 'SCSI'>, <DiskControllerType.NVME: 'NVMe'>]}, 'hyperv_generation': 2, 'network_data_path': {'is_allow_set': True, 'items': [<NetworkDataPath.Synthetic: 'Synthetic'>, <NetworkDataPath.Sriov: 'Sriov'>]}, 'security_profile': {'is_allow_set': True, 'items': [<SecurityProfileType.Standard: 'none'>, <SecurityProfileType.SecureBoot: 'secureboot'>]}, 'publisher': 'canonical', 'offer': '0001-com-ubuntu-server-jammy', 'sku': '22_04-lts-gen2', 'version': '22.04.202504250'}, 'shared_gallery': '', 'vhd': {'vhd_path': '', 'vmgs_path': ''}, 'community_gallery_image': None, 'hyperv_generation': 2, 'is_linux': True, '_orignal_vhd_path': '', 'nic_count': 1, 'enable_sriov': True, 'os_disk_type': 'Standard_LRS', 'data_disk_type': 'Standard_LRS', 'disk_controller_type': 'NVMe', 'ephemeral_disk_placement_type': '', 'security_profile': {}}, {'name': 'lisa-2N-TestPass2505-09-20250603-063038-227-e59-n1', 'short_name': 'lisa-227-e59-n1', 'vm_size': 'Standard_E64ns_v6', 'osdisk_size_in_gb': 30, 'maximize_capability': True, 'location': 'eastus', 'subscription_id': '0cc2a67a-58b9-4e4f-98a8-bfa46a28e896', 'purchase_plan': '', 'marketplace': {'architecture': <ArchitectureType.x64: 'x64'>, 'disk_controller_type': {'is_allow_set': True, 'items': [<DiskControllerType.SCSI: 'SCSI'>, <DiskControllerType.NVME: 'NVMe'>]}, 'hyperv_generation': 2, 'network_data_path': {'is_allow_set': True, 'items': [<NetworkDataPath.Synthetic: 'Synthetic'>, <NetworkDataPath.Sriov: 'Sriov'>]}, 'security_profile': {'is_allow_set': True, 'items': [<SecurityProfileType.Standard: 'none'>, <SecurityProfileType.SecureBoot: 'secureboot'>]}, 'publisher': 'canonical', 'offer': '0001-com-ubuntu-server-jammy', 'sku': '22_04-lts-gen2', 'version': '22.04.202504250'}, 'shared_gallery': '', 'vhd': {'vhd_path': '', 'vmgs_path': ''}, 'community_gallery_image': None, 'hyperv_generation': 2, 'is_linux': True, '_orignal_vhd_path': '', 'nic_count': 1, 'enable_sriov': True, 'os_disk_type': 'Standard_LRS', 'data_disk_type': 'Standard_LRS', 'disk_controller_type': 'NVMe', 'ephemeral_disk_placement_type': '', 'security_profile': {}}]}, 'data_disks': {'value': []}, 'vm_tags': {'value': {'TipNode.SessionId': '', 'platformsettings.host_environment.nodefeatures.hierarchicalvirtualizationv1': False, 'RG': 'lisa-GP-Intel-Gen10-2N-TestPass2505-09-20250603-063038-227-e59', 'lisa_username': 'user manager\\containeradministrator', 'lisa_hostname': 'ff0c4337a633'}}, 'tags': {'value': {}}, 'ip_service_tags': {'value': {'FirstPartyUsage': '/SyntheticLoad'}}, 'virtual_network_resource_group': {'value': ''}, 'virtual_network_name': {'value': 'lisa-virtualNetwork'}, 'subnet_prefix': {'value': 'lisa-subnet-'}, 'is_ultradisk': {'value': False}, 'use_ipv6': {'value': False}, 'enable_vm_nat': {'value': False}, 'source_address_prefixes': {'value': ['52.159.208.214']}}
2025-06-03 16:48:11.189[6664][INFO] lisa.env[generated_59].deploy creating or updating resource group: [lisa-GP-Intel-Gen10-2N-TestPass2505-09-20250603-063038-227-e59]
2025-06-03 16:48:11.280[6664][INFO] lisa.env[generated_59].deploy Creating Resource group: 'lisa-GP-Intel-Gen10-2N-TestPass2505-09-20250603-063038-227-e59'
2025-06-03 16:48:12.325[6664][DEBUG] lisa.env[generated_59].deploy validating deployment
2025-06-03 16:48:16.313[6664][DEBUG] lisa.env[generated_59].deploy found storage account: lisaseastus6a28e896
2025-06-03 16:48:16.315[6664][INFO] lisa.env[generated_59].deploy resource group 'lisa-GP-Intel-Gen10-2N-TestPass2505-09-20250603-063038-227-e59' deployment is in progress...
2025-06-03 17:09:02.238[6664][DEBUG] lisa.env[generated_59].deploy checking panic...
2025-06-03 17:09:03.685[6664][DEBUG] lisa.env[generated_59].deploy checking panic...
2025-06-03 17:09:03.795[6664][INFO] lisa.env[generated_59].deploy deleting resource group: lisa-GP-Intel-Gen10-2N-TestPass2505-09-20250603-063038-227-e59, wait: True
2025-06-03 17:24:17.391[6664][ERROR] lisa.env[generated_59] case failed
Traceback (most recent call last):
  File "C:\Python\Lib\site-packages\azure\core\polling\base_polling.py", line 788, in run
    self._poll()
  File "C:\Python\Lib\site-packages\azure\core\polling\base_polling.py", line 820, in _poll
    raise OperationFailed("Operation failed or canceled")
azure.core.polling.base_polling.OperationFailed: Operation failed or canceled

The above exception was the direct cause of the following exception:

Traceback (most recent call last):
  File "C:\app\lsg-lisa\lisa\lisa\sut_orchestrator\azure\platform_.py", line 1597, in _deploy
    wait_operation(
  File "C:\app\lsg-lisa\lisa\lisa\sut_orchestrator\azure\common.py", line 1629, in wait_operation
    wait_result = operation.wait(1)
                  ^^^^^^^^^^^^^^^^^
  File "C:\Python\Lib\site-packages\azure\core\tracing\decorator.py", line 119, in wrapper_use_tracer
    return func(*args, **kwargs)
           ^^^^^^^^^^^^^^^^^^^^^
  File "C:\Python\Lib\site-packages\azure\core\polling\_poller.py", line 273, in wait
    raise self._exception  # type: ignore
    ^^^^^^^^^^^^^^^^^^^^^
  File "C:\Python\Lib\site-packages\azure\core\polling\_poller.py", line 188, in _start
    self._polling_method.run()
  File "C:\Python\Lib\site-packages\azure\core\polling\base_polling.py", line 803, in run
    raise HttpResponseError(response=self._pipeline_response.http_response, error=err) from err
azure.core.exceptions.HttpResponseError: (DeploymentFailed) At least one resource deployment operation failed. Please list deployment operations for details. Please see https://aka.ms/arm-deployment-operations for usage details.
Code: DeploymentFailed
Message: At least one resource deployment operation failed. Please list deployment operations for details. Please see https://aka.ms/arm-deployment-operations for usage details.
Exception Details:	(Conflict) {
	  "status": "Failed",
	  "error": {
	    "code": "ResourceDeploymentFailure",
	    "message": "The resource write operation failed to complete successfully, because it reached terminal provisioning state 'Failed'.",
	    "details": [
	      {
	        "code": "OSProvisioningTimedOut",
	        "message": "OS Provisioning for VM 'lisa-2N-TestPass2505-09-20250603-063038-227-e59-n0' did not finish in the allotted time. The VM may still finish provisioning successfully. Please check provisioning state later. For details on how to check current provisioning state of Windows VMs, refer to https://aka.ms/WindowsVMLifecycle and Linux VMs, refer to https://aka.ms/LinuxVMLifecycle."
	      }
	    ]
	  }
	}
	Code: Conflict
	Message: {
	  "status": "Failed",
	  "error": {
	    "code": "ResourceDeploymentFailure",
	    "message": "The resource write operation failed to complete successfully, because it reached terminal provisioning state 'Failed'.",
	    "details": [
	      {
	        "code": "OSProvisioningTimedOut",
	        "message": "OS Provisioning for VM 'lisa-2N-TestPass2505-09-20250603-063038-227-e59-n0' did not finish in the allotted time. The VM may still finish provisioning successfully. Please check provisioning state later. For details on how to check current provisioning state of Windows VMs, refer to https://aka.ms/WindowsVMLifecycle and Linux VMs, refer to https://aka.ms/LinuxVMLifecycle."
	      }
	    ]
	  }
	}

During handling of the above exception, another exception occurred:

Traceback (most recent call last):
  File "C:\app\lsg-lisa\lisa\lisa\runners\lisa_runner.py", line 294, in _deploy_environment_task
    self.platform.deploy_environment(environment)
  File "C:\app\lsg-lisa\lisa\lisa\platform_.py", line 184, in deploy_environment
    self._deploy_environment(environment, log)
  File "C:\app\lsg-lisa\lisa\lisa\sut_orchestrator\azure\platform_.py", line 640, in _deploy_environment
    raise identifier
  File "C:\app\lsg-lisa\lisa\lisa\sut_orchestrator\azure\platform_.py", line 634, in _deploy_environment
    self._deploy(location, deployment_parameters, log, environment)
  File "C:\app\lsg-lisa\lisa\lisa\sut_orchestrator\azure\platform_.py", line 1655, in _deploy
    raise LisaException(error_message)
lisa.util.LisaException: OSProvisioningTimedOut: OS Provisioning for VM 'lisa-2N-TestPass2505-09-20250603-063038-227-e59-n0' did not finish in the allotted time. The VM may still finish provisioning successfully. Please check provisioning state later. For details on how to check current provisioning state of Windows VMs, refer to https://aka.ms/WindowsVMLifecycle and Linux VMs, refer to https://aka.ms/LinuxVMLifecycle.
2025-06-03 17:24:17.395[6664][DEBUG] lisa.env[generated_59].node[0] detecting hardware_disk_controller_type ...
2025-06-03 17:24:17.395[6664][DEBUG] lisa.env[generated_59].node[0] error on collecting disk controller type: 'RemoteNode' object has no attribute 'features'
2025-06-03 17:24:17.395[6664][DEBUG] lisa.env[generated_59].node[0] detecting host_version ...
2025-06-03 17:24:17.396[6664][DEBUG] lisa.env[generated_59].node[0] detecting kernel_version ...
2025-06-03 17:24:17.396[6664][DEBUG] lisa.env[generated_59].node[0] detecting wala_version ...
2025-06-03 17:24:17.396[6664][DEBUG] lisa.env[generated_59].node[0] detecting wala_distro ...
2025-06-03 17:24:17.396[6664][DEBUG] lisa.env[generated_59].node[0] detecting hardware_platform ...
2025-06-03 17:24:17.396[6664][DEBUG] lisa.env[generated_59].node[0] detecting hardware_disk_controller_type ...
2025-06-03 17:24:17.396[6664][DEBUG] lisa.env[generated_59].node[0] error on collecting disk controller type: 'RemoteNode' object has no attribute 'features'
2025-06-03 17:24:17.397[6664][DEBUG] lisa.env[generated_59].node[0] detecting host_version ...
2025-06-03 17:24:17.397[6664][DEBUG] lisa.env[generated_59].node[0] detecting kernel_version ...
2025-06-03 17:24:17.397[6664][DEBUG] lisa.env[generated_59].node[0] detecting wala_version ...
2025-06-03 17:24:17.397[6664][DEBUG] lisa.env[generated_59].node[0] detecting wala_distro ...
2025-06-03 17:24:17.397[6664][DEBUG] lisa.env[generated_59].node[0] detecting hardware_platform ...
2025-06-03 17:24:17.397[6664][DEBUG] lisa.env[generated_59].node[0] detecting hardware_disk_controller_type ...
2025-06-03 17:24:17.398[6664][DEBUG] lisa.env[generated_59].node[0] error on collecting disk controller type: 'RemoteNode' object has no attribute 'features'
2025-06-03 17:24:17.398[6664][DEBUG] lisa.env[generated_59].node[0] detecting host_version ...
2025-06-03 17:24:17.398[6664][DEBUG] lisa.env[generated_59].node[0] detecting kernel_version ...
2025-06-03 17:24:17.398[6664][DEBUG] lisa.env[generated_59].node[0] detecting wala_version ...
2025-06-03 17:24:17.398[6664][DEBUG] lisa.env[generated_59].node[0] detecting wala_distro ...
2025-06-03 17:24:17.398[6664][DEBUG] lisa.env[generated_59].node[0] detecting hardware_platform ...
2025-06-03 17:24:17.399[6664][DEBUG] lisa.env[generated_59].node[0] detecting hardware_disk_controller_type ...
2025-06-03 17:24:17.399[6664][DEBUG] lisa.env[generated_59].node[0] error on collecting disk controller type: 'RemoteNode' object has no attribute 'features'
2025-06-03 17:24:17.399[6664][DEBUG] lisa.env[generated_59].node[0] detecting host_version ...
2025-06-03 17:24:17.399[6664][DEBUG] lisa.env[generated_59].node[0] detecting kernel_version ...
2025-06-03 17:24:17.399[6664][DEBUG] lisa.env[generated_59].node[0] detecting wala_version ...
2025-06-03 17:24:17.399[6664][DEBUG] lisa.env[generated_59].node[0] detecting wala_distro ...
2025-06-03 17:24:17.399[6664][DEBUG] lisa.env[generated_59].node[0] detecting hardware_platform ...
2025-06-03 17:24:17.400[6664][DEBUG] lisa.env[generated_59].node[0] detecting hardware_disk_controller_type ...
2025-06-03 17:24:17.400[6664][DEBUG] lisa.env[generated_59].node[0] error on collecting disk controller type: 'RemoteNode' object has no attribute 'features'
2025-06-03 17:24:17.400[6664][DEBUG] lisa.env[generated_59].node[0] detecting host_version ...
2025-06-03 17:24:17.400[6664][DEBUG] lisa.env[generated_59].node[0] detecting kernel_version ...
2025-06-03 17:24:17.400[6664][DEBUG] lisa.env[generated_59].node[0] detecting wala_version ...
2025-06-03 17:24:17.400[6664][DEBUG] lisa.env[generated_59].node[0] detecting wala_distro ...
2025-06-03 17:24:17.400[6664][DEBUG] lisa.env[generated_59].node[0] detecting hardware_platform ...
2025-06-03 17:24:17.401[6664][DEBUG] lisa.env[generated_59].node[0] detecting hardware_disk_controller_type ...
2025-06-03 17:24:17.401[6664][DEBUG] lisa.env[generated_59].node[0] error on collecting disk controller type: 'RemoteNode' object has no attribute 'features'
2025-06-03 17:24:17.401[6664][DEBUG] lisa.env[generated_59].node[0] detecting host_version ...
2025-06-03 17:24:17.401[6664][DEBUG] lisa.env[generated_59].node[0] detecting kernel_version ...
2025-06-03 17:24:17.401[6664][DEBUG] lisa.env[generated_59].node[0] detecting wala_version ...
2025-06-03 17:24:17.401[6664][DEBUG] lisa.env[generated_59].node[0] detecting wala_distro ...
2025-06-03 17:24:17.401[6664][DEBUG] lisa.env[generated_59].node[0] detecting hardware_platform ...
2025-06-03 17:24:17.402[6664][DEBUG] lisa.env[generated_59].node[0] detecting hardware_disk_controller_type ...
2025-06-03 17:24:17.402[6664][DEBUG] lisa.env[generated_59].node[0] error on collecting disk controller type: 'RemoteNode' object has no attribute 'features'
2025-06-03 17:24:17.402[6664][DEBUG] lisa.env[generated_59].node[0] detecting host_version ...
2025-06-03 17:24:17.402[6664][DEBUG] lisa.env[generated_59].node[0] detecting kernel_version ...
2025-06-03 17:24:17.402[6664][DEBUG] lisa.env[generated_59].node[0] detecting wala_version ...
2025-06-03 17:24:17.403[6664][DEBUG] lisa.env[generated_59].node[0] detecting wala_distro ...
2025-06-03 17:24:17.403[6664][DEBUG] lisa.env[generated_59].node[0] detecting hardware_platform ...
2025-06-03 17:24:17.403[6664][DEBUG] lisa.env[generated_59].node[0] detecting hardware_disk_controller_type ...
2025-06-03 17:24:17.403[6664][DEBUG] lisa.env[generated_59].node[0] error on collecting disk controller type: 'RemoteNode' object has no attribute 'features'
2025-06-03 17:24:17.403[6664][DEBUG] lisa.env[generated_59].node[0] detecting host_version ...
2025-06-03 17:24:17.403[6664][DEBUG] lisa.env[generated_59].node[0] detecting kernel_version ...
2025-06-03 17:24:17.404[6664][DEBUG] lisa.env[generated_59].node[0] detecting wala_version ...
2025-06-03 17:24:17.404[6664][DEBUG] lisa.env[generated_59].node[0] detecting wala_distro ...
2025-06-03 17:24:17.404[6664][DEBUG] lisa.env[generated_59].node[0] detecting hardware_platform ...
2025-06-03 17:24:17.404[6664][DEBUG] lisa.env[generated_59].node[0] detecting hardware_disk_controller_type ...
2025-06-03 17:24:17.404[6664][DEBUG] lisa.env[generated_59].node[0] error on collecting disk controller type: 'RemoteNode' object has no attribute 'features'
2025-06-03 17:24:17.405[6664][DEBUG] lisa.env[generated_59].node[0] detecting host_version ...
2025-06-03 17:24:17.405[6664][DEBUG] lisa.env[generated_59].node[0] detecting kernel_version ...
2025-06-03 17:24:17.405[6664][DEBUG] lisa.env[generated_59].node[0] detecting wala_version ...
2025-06-03 17:24:17.405[6664][DEBUG] lisa.env[generated_59].node[0] detecting wala_distro ...
2025-06-03 17:24:17.405[6664][DEBUG] lisa.env[generated_59].node[0] detecting hardware_platform ...
